SMALL TEST: 
@@@ Btree <
@@@ { }
@@@ >
@@@ Btree <
@@@ { 0 2 3 }
@@@ >
@@@ Btree <
@@@ { 2 3 }
@@@ >
@@@ Btree <
@@@ { 3 }
@@@ >
@@@ Btree <
@@@ { 2 3 }
@@@ >
@@@ Btree <
@@@ { 0 2 3 }
@@@ >
@@@ Btree <
@@@ { 0 3 }
@@@ >
###########################
SPLIT TEST: 
@@@ Btree <
@@@ { 2 4 }
@@@ >
@@@ Btree <
@@@ { 2 4 5 }
@@@ >
@@@ Btree <
@@@ { 2 4 }
@@@ >
@@@ Btree <
@@@ { 2 3 4 }
@@@ >
###########################
REDISTRIBUTION TEST: 
@@@ Btree <
@@@  [ 7 10 ]
@@@ 	{ 1 2 3 4 5 6 }
@@@ 	{ 7 8 9 }
@@@ 	{ 10 11 12 13 14 15 }
@@@ >
@@@ Btree <
@@@  [ 7 12 ]
@@@ 	{ 1 2 3 4 5 6 }
@@@ 	{ 7 8 10 11 }
@@@ 	{ 12 13 14 15 }
@@@ >
###########################
LARGE TEST1: 
@@@ Btree <
@@@ { }
@@@ >
@@@ Btree <
@@@ { 1 2 }
@@@ >
@@@ Btree <
@@@ { 1 2 }
@@@ >
@@@ Btree <
@@@ { 2 }
@@@ >
@@@ Btree <
@@@ { 1 2 }
@@@ >
@@@ Btree <
@@@ { 1 2 3 }
@@@ >
@@@ Btree <
@@@ { 1 }
@@@ >
@@@ Btree <
@@@ { 1 3 5 7 9 11 }
@@@ >
@@@ Btree <
@@@  [ 7 ]
@@@ 	{ 1 2 3 4 5 6 }
@@@ 	{ 7 8 9 10 11 }
@@@ >
@@@ Btree <
@@@  [ 7 ]
@@@ 	{ 1 2 3 4 5 6 }
@@@ 	{ 7 8 9 10 }
@@@ >
@@@ Btree <
@@@  [ 7 ]
@@@ 	{ 1 2 3 4 }
@@@ 	{ 7 8 9 10 }
@@@ >
@@@ Btree <
@@@  [ 7 ]
@@@ 	{ 1 2 3 4 }
@@@ 	{ 7 9 10 }
@@@ >
@@@ Btree <
@@@ { 1 4 7 9 10 }
@@@ >
@@@ Btree <
@@@ { 4 7 9 10 }
@@@ >
###########################
LARGE TEST2: 
@@@ Btree <
@@@  [ 4 ]
@@@ 	{ 1 2 3 }
@@@ 	{ 4 6 8 13 15 17 }
@@@ >
@@@ Btree <
@@@  [ 4 13 ]
@@@ 	{ 1 2 3 }
@@@ 	{ 4 6 8 }
@@@ 	{ 13 15 17 33 }
@@@ >
@@@ Btree <
@@@  [ 4 13 ]
@@@ 	{ 1 2 3 }
@@@ 	{ 4 6 8 }
@@@ 	{ 15 17 33 }
@@@ >
@@@ Btree <
@@@  [ 13 ]
@@@ 	{ 1 2 4 6 8 }
@@@ 	{ 15 17 33 }
@@@ >
@@@ Btree <
@@@  [ 13 ]
@@@ 	{ 1 2 4 6 8 10 }
@@@ 	{ 15 17 33 }
@@@ >
@@@ Btree <
@@@  [ 6 13 ]
@@@ 	{ 1 2 4 }
@@@ 	{ 6 7 8 10 }
@@@ 	{ 15 17 33 }
@@@ >
@@@ Btree <
@@@  [ 6 13 ]
@@@ 	{ 1 2 4 }
@@@ 	{ 6 7 10 }
@@@ 	{ 15 17 33 }
@@@ >
@@@ Btree <
@@@  [ 6 ]
@@@ 	{ 1 2 4 }
@@@ 	{ 7 10 15 17 33 }
@@@ >
@@@ Btree <
@@@  [ 6 ]
@@@ 	{ 1 2 4 }
@@@ 	{ 7 10 15 17 18 33 }
@@@ >
@@@ Btree <
@@@  [ 6 17 ]
@@@ 	{ 1 2 4 }
@@@ 	{ 7 10 15 }
@@@ 	{ 17 18 19 33 }
@@@ >
@@@ Btree <
@@@  [ 6 17 ]
@@@ 	{ 1 2 4 }
@@@ 	{ 7 10 15 }
@@@ 	{ 18 19 33 }
@@@ >
@@@ Btree <
@@@  [ 6 17 ]
@@@ 	{ 1 2 4 }
@@@ 	{ 7 10 15 }
@@@ 	{ 18 19 20 33 }
@@@ >
@@@ Btree <
@@@  [ 6 17 ]
@@@ 	{ 1 2 4 }
@@@ 	{ 7 10 15 }
@@@ 	{ 18 19 20 33 34 }
@@@ >
@@@ Btree <
@@@  [ 6 17 ]
@@@ 	{ 1 2 4 }
@@@ 	{ 7 10 11 15 }
@@@ 	{ 18 19 20 33 34 }
@@@ >
@@@ Btree <
@@@  [ 6 17 ]
@@@ 	{ 1 2 4 }
@@@ 	{ 7 10 11 12 15 }
@@@ 	{ 18 19 20 33 34 }
@@@ >
@@@ Btree <
@@@  [ 6 17 ]
@@@ 	{ 1 2 4 }
@@@ 	{ 7 10 11 12 15 }
@@@ 	{ 17 18 19 20 33 34 }
@@@ >
@@@ Btree <
@@@  [ 6 17 ]
@@@ 	{ 1 2 4 }
@@@ 	{ 7 10 11 12 13 15 }
@@@ 	{ 17 18 19 20 33 34 }
@@@ >
@@@ Btree <
@@@  [ 6 17 ]
@@@ 	{ 1 2 4 }
@@@ 	{ 10 11 12 13 15 }
@@@ 	{ 17 18 19 20 33 34 }
@@@ >
@@@ Btree <
@@@  [ 11 17 ]
@@@ 	{ 1 4 10 }
@@@ 	{ 11 12 13 15 }
@@@ 	{ 17 18 19 20 33 34 }
@@@ >
###########################
