SMALL TEST: 
@@@ Btree <
@@@ { }
@@@ >
@@@ Btree <
@@@  [ 2 ]
@@@ 	{ 0 }
@@@ 	{ 2 3 }
@@@ >
@@@ Btree <
@@@  [ 3 ]
@@@ 	{ 2 }
@@@ 	{ 3 }
@@@ >
@@@ Btree <
@@@ { 3 }
@@@ >
@@@ Btree <
@@@ { 2 3 }
@@@ >
@@@ Btree <
@@@  [ 3 ]
@@@ 	{ 0 2 }
@@@ 	{ 3 }
@@@ >
@@@ Btree <
@@@  [ 3 ]
@@@ 	{ 0 }
@@@ 	{ 3 }
@@@ >
###########################
SPLIT TEST: 
@@@ Btree <
@@@ { 2 4 }
@@@ >
@@@ Btree <
@@@  [ 4 ]
@@@ 	{ 2 }
@@@ 	{ 4 5 }
@@@ >
@@@ Btree <
@@@ { 2 4 }
@@@ >
@@@ Btree <
@@@  [ 4 ]
@@@ 	{ 2 3 }
@@@ 	{ 4 }
@@@ >
###########################
REDISTRIBUTION TEST: 
@@@ Btree <
@@@  [ 8 ]
@@@ 	 [ 3 5 ]
@@@ 	 [ 11 13 ]
@@@ 		 [ 2 ]
@@@ 		 [ 4 ]
@@@ 		 [ 7 ]
@@@ 		 [ 10 ]
@@@ 		 [ 12 ]
@@@ 		 [ 14 ]
@@@ 			{ 1 }
@@@ 			{ 2 }
@@@ 			{ 3 }
@@@ 			{ 4 }
@@@ 			{ 5 6 }
@@@ 			{ 7 }
@@@ 			{ 8 9 }
@@@ 			{ 10 }
@@@ 			{ 11 }
@@@ 			{ 12 }
@@@ 			{ 13 }
@@@ 			{ 14 15 }
@@@ >
@@@ Btree <
@@@  [ 8 ]
@@@ 	 [ 3 5 ]
@@@ 	 [ 11 13 ]
@@@ 		 [ 2 ]
@@@ 		 [ 4 ]
@@@ 		 [ 7 ]
@@@ 		 [ 10 ]
@@@ 		 [ 12 ]
@@@ 		 [ 14 ]
@@@ 			{ 1 }
@@@ 			{ 2 }
@@@ 			{ 3 }
@@@ 			{ 4 }
@@@ 			{ 5 6 }
@@@ 			{ 7 }
@@@ 			{ 8 }
@@@ 			{ 10 }
@@@ 			{ 11 }
@@@ 			{ 12 }
@@@ 			{ 13 }
@@@ 			{ 14 15 }
@@@ >
###########################
LARGE TEST1: 
@@@ Btree <
@@@ { }
@@@ >
@@@ Btree <
@@@ { 1 2 }
@@@ >
@@@ Btree <
@@@ { 1 2 }
@@@ >
@@@ Btree <
@@@ { 2 }
@@@ >
@@@ Btree <
@@@ { 1 2 }
@@@ >
@@@ Btree <
@@@  [ 2 ]
@@@ 	{ 1 }
@@@ 	{ 2 3 }
@@@ >
@@@ Btree <
@@@ { 1 }
@@@ >
@@@ Btree <
@@@  [ 5 ]
@@@ 	 [ 3 ]
@@@ 	 [ 7 9 ]
@@@ 		{ 1 }
@@@ 		{ 3 }
@@@ 		{ 5 }
@@@ 		{ 7 }
@@@ 		{ 9 11 }
@@@ >
@@@ Btree <
@@@  [ 5 9 ]
@@@ 	 [ 3 ]
@@@ 	 [ 7 ]
@@@ 	 [ 11 ]
@@@ 		{ 1 2 }
@@@ 		{ 3 4 }
@@@ 		{ 5 6 }
@@@ 		{ 7 8 }
@@@ 		{ 9 10 }
@@@ 		{ 11 }
@@@ >
@@@ Btree <
@@@  [ 5 9 ]
@@@ 	 [ 3 ]
@@@ 	 [ 7 ]
@@@ 	 [ 10 ]
@@@ 		{ 1 2 }
@@@ 		{ 3 4 }
@@@ 		{ 5 6 }
@@@ 		{ 7 8 }
@@@ 		{ 9 }
@@@ 		{ 10 }
@@@ >
@@@ Btree <
@@@  [ 5 9 ]
@@@ 	 [ 3 ]
@@@ 	 [ 8 ]
@@@ 	 [ 10 ]
@@@ 		{ 1 2 }
@@@ 		{ 3 4 }
@@@ 		{ 7 }
@@@ 		{ 8 }
@@@ 		{ 9 }
@@@ 		{ 10 }
@@@ >
@@@ Btree <
@@@  [ 5 ]
@@@ 	 [ 3 ]
@@@ 	 [ 8 10 ]
@@@ 		{ 1 2 }
@@@ 		{ 3 4 }
@@@ 		{ 7 }
@@@ 		{ 9 }
@@@ 		{ 10 }
@@@ >
@@@ Btree <
@@@  [ 5 ]
@@@ 	 [ 3 ]
@@@ 	 [ 8 10 ]
@@@ 		{ 1 }
@@@ 		{ 4 }
@@@ 		{ 7 }
@@@ 		{ 9 }
@@@ 		{ 10 }
@@@ >
@@@ Btree <
@@@  [ 8 ]
@@@ 	 [ 5 ]
@@@ 	 [ 10 ]
@@@ 		{ 4 }
@@@ 		{ 7 }
@@@ 		{ 9 }
@@@ 		{ 10 }
@@@ >
###########################
LARGE TEST2: 
@@@ Btree <
@@@  [ 6 ]
@@@ 	 [ 3 ]
@@@ 	 [ 13 ]
@@@ 		 [ 2 ]
@@@ 		 [ 4 ]
@@@ 		 [ 8 ]
@@@ 		 [ 15 ]
@@@ 			{ 1 }
@@@ 			{ 2 }
@@@ 			{ 3 }
@@@ 			{ 4 }
@@@ 			{ 6 }
@@@ 			{ 8 }
@@@ 			{ 13 }
@@@ 			{ 15 17 }
@@@ >
@@@ Btree <
@@@  [ 6 ]
@@@ 	 [ 3 ]
@@@ 	 [ 13 ]
@@@ 		 [ 2 ]
@@@ 		 [ 4 ]
@@@ 		 [ 8 ]
@@@ 		 [ 15 17 ]
@@@ 			{ 1 }
@@@ 			{ 2 }
@@@ 			{ 3 }
@@@ 			{ 4 }
@@@ 			{ 6 }
@@@ 			{ 8 }
@@@ 			{ 13 }
@@@ 			{ 15 }
@@@ 			{ 17 33 }
@@@ >
@@@ Btree <
@@@  [ 6 ]
@@@ 	 [ 3 ]
@@@ 	 [ 13 ]
@@@ 		 [ 2 ]
@@@ 		 [ 4 ]
@@@ 		 [ 8 ]
@@@ 		 [ 17 ]
@@@ 			{ 1 }
@@@ 			{ 2 }
@@@ 			{ 3 }
@@@ 			{ 4 }
@@@ 			{ 6 }
@@@ 			{ 8 }
@@@ 			{ 15 }
@@@ 			{ 17 33 }
@@@ >
@@@ Btree <
@@@  [ 6 13 ]
@@@ 	 [ 2 3 ]
@@@ 	 [ 8 ]
@@@ 	 [ 17 ]
@@@ 		{ 1 }
@@@ 		{ 2 }
@@@ 		{ 4 }
@@@ 		{ 6 }
@@@ 		{ 8 }
@@@ 		{ 15 }
@@@ 		{ 17 33 }
@@@ >
@@@ Btree <
@@@  [ 6 13 ]
@@@ 	 [ 2 3 ]
@@@ 	 [ 8 ]
@@@ 	 [ 17 ]
@@@ 		{ 1 }
@@@ 		{ 2 }
@@@ 		{ 4 }
@@@ 		{ 6 }
@@@ 		{ 8 10 }
@@@ 		{ 15 }
@@@ 		{ 17 33 }
@@@ >
@@@ Btree <
@@@  [ 6 13 ]
@@@ 	 [ 2 3 ]
@@@ 	 [ 8 ]
@@@ 	 [ 17 ]
@@@ 		{ 1 }
@@@ 		{ 2 }
@@@ 		{ 4 }
@@@ 		{ 6 7 }
@@@ 		{ 8 10 }
@@@ 		{ 15 }
@@@ 		{ 17 33 }
@@@ >
@@@ Btree <
@@@  [ 6 13 ]
@@@ 	 [ 2 3 ]
@@@ 	 [ 8 ]
@@@ 	 [ 17 ]
@@@ 		{ 1 }
@@@ 		{ 2 }
@@@ 		{ 4 }
@@@ 		{ 6 7 }
@@@ 		{ 10 }
@@@ 		{ 15 }
@@@ 		{ 17 33 }
@@@ >
@@@ Btree <
@@@  [ 6 13 ]
@@@ 	 [ 2 3 ]
@@@ 	 [ 8 ]
@@@ 	 [ 17 ]
@@@ 		{ 1 }
@@@ 		{ 2 }
@@@ 		{ 4 }
@@@ 		{ 7 }
@@@ 		{ 10 }
@@@ 		{ 15 }
@@@ 		{ 17 33 }
@@@ >
@@@ Btree <
@@@  [ 6 13 ]
@@@ 	 [ 2 3 ]
@@@ 	 [ 8 ]
@@@ 	 [ 17 33 ]
@@@ 		{ 1 }
@@@ 		{ 2 }
@@@ 		{ 4 }
@@@ 		{ 7 }
@@@ 		{ 10 }
@@@ 		{ 15 }
@@@ 		{ 17 18 }
@@@ 		{ 33 }
@@@ >
@@@ Btree <
@@@  [ 13 ]
@@@ 	 [ 6 ]
@@@ 	 [ 18 ]
@@@ 		 [ 2 3 ]
@@@ 		 [ 8 ]
@@@ 		 [ 17 ]
@@@ 		 [ 33 ]
@@@ 			{ 1 }
@@@ 			{ 2 }
@@@ 			{ 4 }
@@@ 			{ 7 }
@@@ 			{ 10 }
@@@ 			{ 15 }
@@@ 			{ 17 }
@@@ 			{ 18 19 }
@@@ 			{ 33 }
@@@ >
@@@ Btree <
@@@  [ 13 ]
@@@ 	 [ 6 ]
@@@ 	 [ 19 ]
@@@ 		 [ 2 3 ]
@@@ 		 [ 8 ]
@@@ 		 [ 17 ]
@@@ 		 [ 33 ]
@@@ 			{ 1 }
@@@ 			{ 2 }
@@@ 			{ 4 }
@@@ 			{ 7 }
@@@ 			{ 10 }
@@@ 			{ 15 }
@@@ 			{ 18 }
@@@ 			{ 19 }
@@@ 			{ 33 }
@@@ >
@@@ Btree <
@@@  [ 13 ]
@@@ 	 [ 6 ]
@@@ 	 [ 19 ]
@@@ 		 [ 2 3 ]
@@@ 		 [ 8 ]
@@@ 		 [ 17 ]
@@@ 		 [ 33 ]
@@@ 			{ 1 }
@@@ 			{ 2 }
@@@ 			{ 4 }
@@@ 			{ 7 }
@@@ 			{ 10 }
@@@ 			{ 15 }
@@@ 			{ 18 }
@@@ 			{ 19 20 }
@@@ 			{ 33 }
@@@ >
@@@ Btree <
@@@  [ 13 ]
@@@ 	 [ 6 ]
@@@ 	 [ 19 ]
@@@ 		 [ 2 3 ]
@@@ 		 [ 8 ]
@@@ 		 [ 17 ]
@@@ 		 [ 33 ]
@@@ 			{ 1 }
@@@ 			{ 2 }
@@@ 			{ 4 }
@@@ 			{ 7 }
@@@ 			{ 10 }
@@@ 			{ 15 }
@@@ 			{ 18 }
@@@ 			{ 19 20 }
@@@ 			{ 33 34 }
@@@ >
@@@ Btree <
@@@  [ 13 ]
@@@ 	 [ 6 ]
@@@ 	 [ 19 ]
@@@ 		 [ 2 3 ]
@@@ 		 [ 8 ]
@@@ 		 [ 17 ]
@@@ 		 [ 33 ]
@@@ 			{ 1 }
@@@ 			{ 2 }
@@@ 			{ 4 }
@@@ 			{ 7 }
@@@ 			{ 10 11 }
@@@ 			{ 15 }
@@@ 			{ 18 }
@@@ 			{ 19 20 }
@@@ 			{ 33 34 }
@@@ >
@@@ Btree <
@@@  [ 13 ]
@@@ 	 [ 6 ]
@@@ 	 [ 19 ]
@@@ 		 [ 2 3 ]
@@@ 		 [ 8 11 ]
@@@ 		 [ 17 ]
@@@ 		 [ 33 ]
@@@ 			{ 1 }
@@@ 			{ 2 }
@@@ 			{ 4 }
@@@ 			{ 7 }
@@@ 			{ 10 }
@@@ 			{ 11 12 }
@@@ 			{ 15 }
@@@ 			{ 18 }
@@@ 			{ 19 20 }
@@@ 			{ 33 34 }
@@@ >
@@@ Btree <
@@@  [ 13 ]
@@@ 	 [ 6 ]
@@@ 	 [ 19 ]
@@@ 		 [ 2 3 ]
@@@ 		 [ 8 11 ]
@@@ 		 [ 17 ]
@@@ 		 [ 33 ]
@@@ 			{ 1 }
@@@ 			{ 2 }
@@@ 			{ 4 }
@@@ 			{ 7 }
@@@ 			{ 10 }
@@@ 			{ 11 12 }
@@@ 			{ 15 }
@@@ 			{ 17 18 }
@@@ 			{ 19 20 }
@@@ 			{ 33 34 }
@@@ >
@@@ Btree <
@@@  [ 13 ]
@@@ 	 [ 6 ]
@@@ 	 [ 19 ]
@@@ 		 [ 2 3 ]
@@@ 		 [ 8 11 ]
@@@ 		 [ 17 ]
@@@ 		 [ 33 ]
@@@ 			{ 1 }
@@@ 			{ 2 }
@@@ 			{ 4 }
@@@ 			{ 7 }
@@@ 			{ 10 }
@@@ 			{ 11 12 }
@@@ 			{ 13 15 }
@@@ 			{ 17 18 }
@@@ 			{ 19 20 }
@@@ 			{ 33 34 }
@@@ >
@@@ Btree <
@@@  [ 13 ]
@@@ 	 [ 6 ]
@@@ 	 [ 19 ]
@@@ 		 [ 2 3 ]
@@@ 		 [ 11 ]
@@@ 		 [ 17 ]
@@@ 		 [ 33 ]
@@@ 			{ 1 }
@@@ 			{ 2 }
@@@ 			{ 4 }
@@@ 			{ 10 }
@@@ 			{ 11 12 }
@@@ 			{ 13 15 }
@@@ 			{ 17 18 }
@@@ 			{ 19 20 }
@@@ 			{ 33 34 }
@@@ >
@@@ Btree <
@@@  [ 13 ]
@@@ 	 [ 6 ]
@@@ 	 [ 19 ]
@@@ 		 [ 2 ]
@@@ 		 [ 11 ]
@@@ 		 [ 17 ]
@@@ 		 [ 33 ]
@@@ 			{ 1 }
@@@ 			{ 4 }
@@@ 			{ 10 }
@@@ 			{ 11 12 }
@@@ 			{ 13 15 }
@@@ 			{ 17 18 }
@@@ 			{ 19 20 }
@@@ 			{ 33 34 }
@@@ >
###########################
